// Jest Snapshot v1, https://goo.gl/fbAQLP

exports[`<SEO /> it renders correctly 1`] = `ShallowWrapper {}`;
