// Jest Snapshot v1, https://goo.gl/fbAQLP

exports[`<Image /> it renders correctly 1`] = `ShallowWrapper {}`;
